stage 1: loaded 285 tensors from epoch 15
stage 2: loaded 285 tensors from epoch 15
stage 3: loaded 285 tensors from epoch 20
BombCyclone done
CampFire_wind done
Dorian done
Florence done
IowaDerecho done
LaborDay_heat done
Laura done
Michael done
PolarVortex done
Sally done
_________________________________________________________________________
Job Resource Usage Summary for 58549091

  Job Pending                     : 00:00:00
  Job Started                     : Thu Sep 24 20:08:24 EDT 2026
  Job Ended                       : Thu Sep 24 20:09:06 EDT 2026

  Partition                       : gpu_a100
  Head Node                       : warpa003
  Charged to                      : s1001

  Estimated SBUs                  : 0

  Total Mem Requested / Allocated : 60.00G / 60.00G
  Max Real Mem Used (on any node) : 1.25G
  Max Pct Memory Used             : 2.08%

  Walltime Requested              : 01:00:00
  Walltime Used                   : 00:00:42
  Pct Walltime Used               : 1.16%

  CPUs Requested / Allocated      : 4 / 4
  Total CPU-Time Allocated        : 00:02:48 (Walltime Used * #CPUs)

  CPU Utilization of __whole job__:
  User CPU                        : 00:20.470 of 00:02:48
  System CPU                      : 00:02.844 of 00:02:48
  Pct CPU Utilization             : 13.09%
  (Whole-job utilization data may be inaccurate; prefix your most important command with 'srun' for best insight.)
_________________________________________________________________________

