[Data] Using cached data from /discover/nobackup/sduan/.data
[Data] Skipped 63 fully-NaN days (from nan_days.json)
[corrdiff] params 41.5 M
[corrdiff] residual std per channel (normalised units): [0.09542480856180191, 0.1369280368089676, 0.3043425977230072, 0.24232855439186096, 0.01946258544921875, 0.5596811175346375]
[corrdiff] step 100 loss 0.9926 lr 2.00e-05 1.34 it/s  0.02 h
_________________________________________________________________________
Job Resource Usage Summary for 58549905

  Job Pending                     : 00:00:00
  Job Started                     : Thu Sep 24 20:55:45 EDT 2026
  Job Ended                       : Thu Sep 24 20:59:11 EDT 2026

  Partition                       : gpu_a100
  Head Node                       : warpa003
  Charged to                      : s1001

  Estimated SBUs                  : .05

  Total Mem Requested / Allocated : 120.00G / G
  Max Real Mem Used (on any node) : 70.86G
  Max Pct Memory Used             : %

  Walltime Requested              : 09:30:00
  Walltime Used                   : 00:03:24
  Pct Walltime Used               : .59%

  CPUs Requested / Allocated      : 12 / 12
  Total CPU-Time Allocated        : 00:40:48 (Walltime Used * #CPUs)

  CPU Utilization of __whole job__:
  User CPU                        : 00:00.188 of 00:41:00
  System CPU                      : 00:00.041 of 00:41:00
  Pct CPU Utilization             : 0%
  (Whole-job utilization data may be inaccurate; prefix your most important command with 'srun' for best insight.)
_________________________________________________________________________

